2s
Current runner version: '2.328.0'
Runner Image Provisioner
  Hosted Compute Agent
  Version: 20250818.377
  Commit: 3c593e9f75fe0b87e893bca80d6e12ba089c61fc
  Build Date: 2025-08-18T14:52:18Z
Operating System
  Ubuntu
  24.04.2
  LTS
Runner Image
  Image: ubuntu-24.04
  Version: 20250818.1.0
  Included Software: https://github.com/actions/runner-images/blob/ubuntu24/20250818.1/images/ubuntu/Ubuntu2404-Readme.md
  Image Release: https://github.com/actions/runner-images/releases/tag/ubuntu24%2F20250818.1
GITHUB_TOKEN Permissions
  Contents: read
  Metadata: read
  Packages: read
Secret source: Actions
Prepare workflow directory
Prepare all required actions
Getting action download info
Download action repository 'actions/checkout@v3' (SHA:f43a0e5ff2bd294095638e18286ca9a3d1956744)
Download action repository 'azure/login@v1' (SHA:cb79c773a3cfa27f31f25eb3f677781210c9ce3d)
Complete job name: deploy-apps
26s
Run azure/login@v1
  with:
    creds: ***
    enable-AzPSSession: false
    environment: azurecloud
    allow-no-subscriptions: false
    audience: api://AzureADTokenExchange
    auth-type: SERVICE_PRINCIPAL
  env:
    ENVIRONMENT: staging
    RESOURCE_GROUP: skillswap-rg
    LOCATION: westeurope
Clearing azure cli accounts from the local cache.
/usr/bin/az account clear
1s
Run actions/checkout@v3
  with:
    repository: DavidOeztuerk/Skillswap
    token: ***
    ssh-strict: true
    persist-credentials: true
    clean: true
    sparse-checkout-cone-mode: true
    fetch-depth: 1
    fetch-tags: false
    lfs: false
    submodules: false
    set-safe-directory: true
  env:
    ENVIRONMENT: staging
    RESOURCE_GROUP: skillswap-rg
    LOCATION: westeurope
Syncing repository: DavidOeztuerk/Skillswap
Getting Git version info
  Working directory is '/home/runner/work/Skillswap/Skillswap'
  /usr/bin/git version
  git version 2.51.0
Temporarily overriding HOME='/home/runner/work/_temp/c1ce6bc0-ec78-42c3-84ca-3f9c9983bc58' before making global git config changes
Adding repository directory to the temporary git global config as a safe directory
/usr/bin/git config --global --add safe.directory /home/runner/work/Skillswap/Skillswap
Deleting the contents of '/home/runner/work/Skillswap/Skillswap'
Initializing the repository
  /usr/bin/git init /home/runner/work/Skillswap/Skillswap
  hint: Using 'master' as the name for the initial branch. This default branch name
  hint: is subject to change. To configure the initial branch name to use in all
  hint: of your new repositories, which will suppress this warning, call:
  hint:
  hint: 	git config --global init.defaultBranch <name>
  hint:
  hint: Names commonly chosen instead of 'master' are 'main', 'trunk' and
  hint: 'development'. The just-created branch can be renamed via this command:
  hint:
  hint: 	git branch -m <name>
  hint:
  hint: Disable this message with "git config set advice.defaultBranchName false"
  Initialized empty Git repository in /home/runner/work/Skillswap/Skillswap/.git/
  /usr/bin/git remote add origin https://github.com/DavidOeztuerk/Skillswap
Disabling automatic garbage collection
  /usr/bin/git config --local gc.auto 0
Setting up auth
  /usr/bin/git config --local --name-only --get-regexp core\.sshCommand
  /usr/bin/git submodule foreach --recursive sh -c "git config --local --name-only --get-regexp 'core\.sshCommand' && git config --local --unset-all 'core.sshCommand' || :"
  /usr/bin/git config --local --name-only --get-regexp http\.https\:\/\/github\.com\/\.extraheader
  /usr/bin/git submodule foreach --recursive sh -c "git config --local --name-only --get-regexp 'http\.https\:\/\/github\.com\/\.extraheader' && git config --local --unset-all 'http.https://github.com/.extraheader' || :"
  /usr/bin/git config --local http.https://github.com/.extraheader AUTHORIZATION: basic ***
Fetching the repository
Determining the checkout info
Checking out the ref
  /usr/bin/git checkout --progress --force -B staging refs/remotes/origin/staging
  Switched to a new branch 'staging'
  branch 'staging' set up to track 'origin/staging'.
/usr/bin/git log -1 --format='%H'
'12933d1e27ae2e1dcfb910c6b92e06dcc69a04d9'
2s
Run azure/login@v1
  with:
    creds: ***
    enable-AzPSSession: false
    environment: azurecloud
    allow-no-subscriptions: false
    audience: api://AzureADTokenExchange
    auth-type: SERVICE_PRINCIPAL
  env:
    ENVIRONMENT: staging
    RESOURCE_GROUP: skillswap-rg
    LOCATION: westeurope
Running Azure CLI Login.
/usr/bin/az cloud set -n azurecloud
Done setting cloud: "azurecloud"
Note: Azure/login action also supports OIDC login mechanism. Refer https://github.com/azure/login#configure-a-service-principal-with-a-federated-credential-to-use-oidc-based-authentication for more details.
Attempting Azure CLI login by using service principal with secret...
Subscription is set successfully.
Azure CLI login succeeds by using service principal with secret.
14s
Run echo "ðŸš€ Deploying Container Apps..."
  echo "ðŸš€ Deploying Container Apps..."
  
  az deployment group create \
    --resource-group skillswap-rg \
    --template-file azure-deploy/bicep/container-apps.bicep \
    --parameters containerRegistryLoginServer="skillswapstagingacr.azurecr.io" \
    --parameters containerRegistryName="skillswapstagingacr" \
    --parameters containerRegistryUsername="skillswapstagingacr" \
    --parameters containerRegistryPassword="" \
    --parameters containerAppEnvironmentId="/subscriptions/b3116698-7aef-4ec6-939b-84b3f6789bfa/resourceGroups/skillswap-rg/providers/Microsoft.App/managedEnvironments/skillswap-staging-env" \
    --parameters postgresConnectionString="" \
    --parameters redisConnectionString="" \
    --parameters serviceBusConnectionString="" \
    --parameters jwtSecret="8Z0VRxD0UGJV989NqzaR1sQrHIxn5h1MAxvRBLFc0Jk=" \
    --parameters imageTag="12933d1e27ae2e1dcfb910c6b92e06dcc69a04d9" \
    --output none
  
  echo "âœ… Container Apps deployed"
  shell: /usr/bin/bash -e ***0***
  env:
    ENVIRONMENT: staging
    RESOURCE_GROUP: skillswap-rg
    LOCATION: westeurope
ðŸš€ Deploying Container Apps...
WARNING: /home/runner/work/Skillswap/Skillswap/azure-deploy/bicep/container-apps.bicep(8,7) : Warning no-unused-params: Parameter "containerRegistryName" is declared but never used. [https://aka.ms/bicep/linter-diagnostics#no-unused-params]
/home/runner/work/Skillswap/Skillswap/azure-deploy/bicep/container-apps.bicep(253,18) : Warning use-secure-value-for-secure-inputs: Property 'value' expects a secure value, but the value provided may not be secure. [https://aka.ms/bicep/linter-diagnostics#use-secure-value-for-secure-inputs]

ERROR: The content for this response was already consumed
Error: Process completed with exit code 1.
0s
0s
Post job cleanup.
/usr/bin/git version
git version 2.51.0
Temporarily overriding HOME='/home/runner/work/_temp/748f4c83-0724-44f4-b508-de8e54cbe613' before making global git config changes
Adding repository directory to the temporary git global config as a safe directory
/usr/bin/git config --global --add safe.directory /home/runner/work/Skillswap/Skillswap
/usr/bin/git config --local --name-only --get-regexp core\.sshCommand
/usr/bin/git submodule foreach --recursive sh -c "git config --local --name-only --get-regexp 'core\.sshCommand' && git config --local --unset-all 'core.sshCommand' || :"
/usr/bin/git config --local --name-only --get-regexp http\.https\:\/\/github\.com\/\.extraheader
http.https://github.com/.extraheader
/usr/bin/git config --local --unset-all http.https://github.com/.extraheader
/usr/bin/git submodule foreach --recursive sh -c "git config --local --name-only --get-regexp 'http\.https\:\/\/github\.com\/\.extraheader' && git config --local --unset-all 'http.https://github.com/.extraheader' || :"
0s
Post job cleanup.
Clearing azure cli accounts from the local cache.
/usr/bin/az account clear
0s
Cleaning up orphan processes
Terminate orphan process: pid (2392) (python3)


/// LOGS

2025-08-26T16:01:11.1536925Z Current runner version: '2.328.0'
2025-08-26T16:01:11.1575976Z ##[group]Runner Image Provisioner
2025-08-26T16:01:11.1578035Z Hosted Compute Agent
2025-08-26T16:01:11.1579749Z Version: 20250818.377
2025-08-26T16:01:11.1581489Z Commit: 3c593e9f75fe0b87e893bca80d6e12ba089c61fc
2025-08-26T16:01:11.1583543Z Build Date: 2025-08-18T14:52:18Z
2025-08-26T16:01:11.1585308Z ##[endgroup]
2025-08-26T16:01:11.1586822Z ##[group]Operating System
2025-08-26T16:01:11.1588567Z Ubuntu
2025-08-26T16:01:11.1589973Z 24.04.2
2025-08-26T16:01:11.1591442Z LTS
2025-08-26T16:01:11.1592839Z ##[endgroup]
2025-08-26T16:01:11.1594402Z ##[group]Runner Image
2025-08-26T16:01:11.1596174Z Image: ubuntu-24.04
2025-08-26T16:01:11.1597838Z Version: 20250818.1.0
2025-08-26T16:01:11.1600494Z Included Software: https://github.com/actions/runner-images/blob/ubuntu24/20250818.1/images/ubuntu/Ubuntu2404-Readme.md
2025-08-26T16:01:11.1603795Z Image Release: https://github.com/actions/runner-images/releases/tag/ubuntu24%2F20250818.1
2025-08-26T16:01:11.1606485Z ##[endgroup]
2025-08-26T16:01:11.1609484Z ##[group]GITHUB_TOKEN Permissions
2025-08-26T16:01:11.1613085Z Contents: read
2025-08-26T16:01:11.1614407Z Metadata: read
2025-08-26T16:01:11.1616233Z Packages: read
2025-08-26T16:01:11.1617892Z ##[endgroup]
2025-08-26T16:01:11.1621799Z Secret source: Actions
2025-08-26T16:01:11.1623740Z Prepare workflow directory
2025-08-26T16:01:11.2450048Z Prepare all required actions
2025-08-26T16:01:11.2507130Z Getting action download info
2025-08-26T16:01:11.5199610Z Download action repository 'actions/checkout@v3' (SHA:f43a0e5ff2bd294095638e18286ca9a3d1956744)
2025-08-26T16:01:11.7423006Z Download action repository 'azure/login@v1' (SHA:cb79c773a3cfa27f31f25eb3f677781210c9ce3d)
2025-08-26T16:01:13.5771677Z Complete job name: deploy-apps
2025-08-26T16:01:13.6446986Z ##[group]Run azure/login@v1
2025-08-26T16:01:13.6447780Z with:
2025-08-26T16:01:13.6450430Z   creds: ***
2025-08-26T16:01:13.6450794Z   enable-AzPSSession: false
2025-08-26T16:01:13.6451195Z   environment: azurecloud
2025-08-26T16:01:13.6451626Z   allow-no-subscriptions: false
2025-08-26T16:01:13.6452051Z   audience: api://AzureADTokenExchange
2025-08-26T16:01:13.6452546Z   auth-type: SERVICE_PRINCIPAL
2025-08-26T16:01:13.6453146Z env:
2025-08-26T16:01:13.6453484Z   ENVIRONMENT: staging
2025-08-26T16:01:13.6453870Z   RESOURCE_GROUP: skillswap-rg
2025-08-26T16:01:13.6454256Z   LOCATION: westeurope
2025-08-26T16:01:13.6454846Z ##[endgroup]
2025-08-26T16:01:13.7298350Z Clearing azure cli accounts from the local cache.
2025-08-26T16:01:13.7298982Z [command]/usr/bin/az account clear
2025-08-26T16:01:39.8858200Z ##[group]Run actions/checkout@v3
2025-08-26T16:01:39.8858637Z with:
2025-08-26T16:01:39.8858998Z   repository: DavidOeztuerk/Skillswap
2025-08-26T16:01:39.8859560Z   token: ***
2025-08-26T16:01:39.8859896Z   ssh-strict: true
2025-08-26T16:01:39.8860259Z   persist-credentials: true
2025-08-26T16:01:39.8860631Z   clean: true
2025-08-26T16:01:39.8860990Z   sparse-checkout-cone-mode: true
2025-08-26T16:01:39.8861402Z   fetch-depth: 1
2025-08-26T16:01:39.8861736Z   fetch-tags: false
2025-08-26T16:01:39.8862071Z   lfs: false
2025-08-26T16:01:39.8862407Z   submodules: false
2025-08-26T16:01:39.8862751Z   set-safe-directory: true
2025-08-26T16:01:39.8863121Z env:
2025-08-26T16:01:39.8863466Z   ENVIRONMENT: staging
2025-08-26T16:01:39.8863849Z   RESOURCE_GROUP: skillswap-rg
2025-08-26T16:01:39.8864228Z   LOCATION: westeurope
2025-08-26T16:01:39.8864717Z ##[endgroup]
2025-08-26T16:01:39.9932922Z Syncing repository: DavidOeztuerk/Skillswap
2025-08-26T16:01:39.9935692Z ##[group]Getting Git version info
2025-08-26T16:01:39.9936688Z Working directory is '/home/runner/work/Skillswap/Skillswap'
2025-08-26T16:01:39.9938019Z [command]/usr/bin/git version
2025-08-26T16:01:40.0019238Z git version 2.51.0
2025-08-26T16:01:40.0046952Z ##[endgroup]
2025-08-26T16:01:40.0062057Z Temporarily overriding HOME='/home/runner/work/_temp/c1ce6bc0-ec78-42c3-84ca-3f9c9983bc58' before making global git config changes
2025-08-26T16:01:40.0063731Z Adding repository directory to the temporary git global config as a safe directory
2025-08-26T16:01:40.0066661Z [command]/usr/bin/git config --global --add safe.directory /home/runner/work/Skillswap/Skillswap
2025-08-26T16:01:40.0101001Z Deleting the contents of '/home/runner/work/Skillswap/Skillswap'
2025-08-26T16:01:40.0105217Z ##[group]Initializing the repository
2025-08-26T16:01:40.0108661Z [command]/usr/bin/git init /home/runner/work/Skillswap/Skillswap
2025-08-26T16:01:40.0225344Z hint: Using 'master' as the name for the initial branch. This default branch name
2025-08-26T16:01:40.0226247Z hint: is subject to change. To configure the initial branch name to use in all
2025-08-26T16:01:40.0226885Z hint: of your new repositories, which will suppress this warning, call:
2025-08-26T16:01:40.0227367Z hint:
2025-08-26T16:01:40.0227806Z hint: 	git config --global init.defaultBranch <name>
2025-08-26T16:01:40.0228247Z hint:
2025-08-26T16:01:40.0228681Z hint: Names commonly chosen instead of 'master' are 'main', 'trunk' and
2025-08-26T16:01:40.0229320Z hint: 'development'. The just-created branch can be renamed via this command:
2025-08-26T16:01:40.0229829Z hint:
2025-08-26T16:01:40.0230169Z hint: 	git branch -m <name>
2025-08-26T16:01:40.0230534Z hint:
2025-08-26T16:01:40.0231122Z hint: Disable this message with "git config set advice.defaultBranchName false"
2025-08-26T16:01:40.0235025Z Initialized empty Git repository in /home/runner/work/Skillswap/Skillswap/.git/
2025-08-26T16:01:40.0243769Z [command]/usr/bin/git remote add origin https://github.com/DavidOeztuerk/Skillswap
2025-08-26T16:01:40.0280039Z ##[endgroup]
2025-08-26T16:01:40.0281156Z ##[group]Disabling automatic garbage collection
2025-08-26T16:01:40.0283111Z [command]/usr/bin/git config --local gc.auto 0
2025-08-26T16:01:40.0308671Z ##[endgroup]
2025-08-26T16:01:40.0309279Z ##[group]Setting up auth
2025-08-26T16:01:40.0314935Z [command]/usr/bin/git config --local --name-only --get-regexp core\.sshCommand
2025-08-26T16:01:40.0341623Z [command]/usr/bin/git submodule foreach --recursive sh -c "git config --local --name-only --get-regexp 'core\.sshCommand' && git config --local --unset-all 'core.sshCommand' || :"
2025-08-26T16:01:40.0706301Z [command]/usr/bin/git config --local --name-only --get-regexp http\.https\:\/\/github\.com\/\.extraheader
2025-08-26T16:01:40.0733394Z [command]/usr/bin/git submodule foreach --recursive sh -c "git config --local --name-only --get-regexp 'http\.https\:\/\/github\.com\/\.extraheader' && git config --local --unset-all 'http.https://github.com/.extraheader' || :"
2025-08-26T16:01:40.0945194Z [command]/usr/bin/git config --local http.https://github.com/.extraheader AUTHORIZATION: basic ***
2025-08-26T16:01:40.0978122Z ##[endgroup]
2025-08-26T16:01:40.0979462Z ##[group]Fetching the repository
2025-08-26T16:01:40.0986968Z [command]/usr/bin/git -c protocol.version=2 fetch --no-tags --prune --progress --no-recurse-submodules --depth=1 origin +12933d1e27ae2e1dcfb910c6b92e06dcc69a04d9:refs/remotes/origin/staging
2025-08-26T16:01:40.3644154Z remote: Enumerating objects: 1701, done.        
2025-08-26T16:01:40.3645518Z remote: Counting objects:   0% (1/1701)        
2025-08-26T16:01:40.3646582Z remote: Counting objects:   1% (18/1701)        
2025-08-26T16:01:40.3647661Z remote: Counting objects:   2% (35/1701)        
2025-08-26T16:01:40.3648712Z remote: Counting objects:   3% (52/1701)        
2025-08-26T16:01:40.3652111Z remote: Counting objects:   4% (69/1701)        
2025-08-26T16:01:40.3653525Z remote: Counting objects:   5% (86/1701)        
2025-08-26T16:01:40.3655012Z remote: Counting objects:   6% (103/1701)        
2025-08-26T16:01:40.3656460Z remote: Counting objects:   7% (120/1701)        
2025-08-26T16:01:40.3657597Z remote: Counting objects:   8% (137/1701)        
2025-08-26T16:01:40.3658572Z remote: Counting objects:   9% (154/1701)        
2025-08-26T16:01:40.3659537Z remote: Counting objects:  10% (171/1701)        
2025-08-26T16:01:40.3660440Z remote: Counting objects:  11% (188/1701)        
2025-08-26T16:01:40.3661350Z remote: Counting objects:  12% (205/1701)        
2025-08-26T16:01:40.3662566Z remote: Counting objects:  13% (222/1701)        
2025-08-26T16:01:40.3663574Z remote: Counting objects:  14% (239/1701)        
2025-08-26T16:01:40.3664424Z remote: Counting objects:  15% (256/1701)        
2025-08-26T16:01:40.3665516Z remote: Counting objects:  16% (273/1701)        
2025-08-26T16:01:40.3666354Z remote: Counting objects:  17% (290/1701)        
2025-08-26T16:01:40.3667227Z remote: Counting objects:  18% (307/1701)        
2025-08-26T16:01:40.3668102Z remote: Counting objects:  19% (324/1701)        
2025-08-26T16:01:40.3669372Z remote: Counting objects:  20% (341/1701)        
2025-08-26T16:01:40.3670258Z remote: Counting objects:  21% (358/1701)        
2025-08-26T16:01:40.3671103Z remote: Counting objects:  22% (375/1701)        
2025-08-26T16:01:40.3671962Z remote: Counting objects:  23% (392/1701)        
2025-08-26T16:01:40.3672831Z remote: Counting objects:  24% (409/1701)        
2025-08-26T16:01:40.3673771Z remote: Counting objects:  25% (426/1701)        
2025-08-26T16:01:40.3674263Z remote: Counting objects:  26% (443/1701)        
2025-08-26T16:01:40.3674953Z remote: Counting objects:  27% (460/1701)        
2025-08-26T16:01:40.3675423Z remote: Counting objects:  28% (477/1701)        
2025-08-26T16:01:40.3675892Z remote: Counting objects:  29% (494/1701)        
2025-08-26T16:01:40.3676357Z remote: Counting objects:  30% (511/1701)        
2025-08-26T16:01:40.3676822Z remote: Counting objects:  31% (528/1701)        
2025-08-26T16:01:40.3677278Z remote: Counting objects:  32% (545/1701)        
2025-08-26T16:01:40.3677735Z remote: Counting objects:  33% (562/1701)        
2025-08-26T16:01:40.3678220Z remote: Counting objects:  34% (579/1701)        
2025-08-26T16:01:40.3678716Z remote: Counting objects:  35% (596/1701)        
2025-08-26T16:01:40.3679191Z remote: Counting objects:  36% (613/1701)        
2025-08-26T16:01:40.3679647Z remote: Counting objects:  37% (630/1701)        
2025-08-26T16:01:40.3680105Z remote: Counting objects:  38% (647/1701)        
2025-08-26T16:01:40.3680562Z remote: Counting objects:  39% (664/1701)        
2025-08-26T16:01:40.3681013Z remote: Counting objects:  40% (681/1701)        
2025-08-26T16:01:40.3681475Z remote: Counting objects:  41% (698/1701)        
2025-08-26T16:01:40.3681927Z remote: Counting objects:  42% (715/1701)        
2025-08-26T16:01:40.3682377Z remote: Counting objects:  43% (732/1701)        
2025-08-26T16:01:40.3682827Z remote: Counting objects:  44% (749/1701)        
2025-08-26T16:01:40.3683465Z remote: Counting objects:  45% (766/1701)        
2025-08-26T16:01:40.3683928Z remote: Counting objects:  46% (783/1701)        
2025-08-26T16:01:40.3684401Z remote: Counting objects:  47% (800/1701)        
2025-08-26T16:01:40.3685149Z remote: Counting objects:  48% (817/1701)        
2025-08-26T16:01:40.3685615Z remote: Counting objects:  49% (834/1701)        
2025-08-26T16:01:40.3686080Z remote: Counting objects:  50% (851/1701)        
2025-08-26T16:01:40.3686540Z remote: Counting objects:  51% (868/1701)        
2025-08-26T16:01:40.3686990Z remote: Counting objects:  52% (885/1701)        
2025-08-26T16:01:40.3687453Z remote: Counting objects:  53% (902/1701)        
2025-08-26T16:01:40.3687915Z remote: Counting objects:  54% (919/1701)        
2025-08-26T16:01:40.3688374Z remote: Counting objects:  55% (936/1701)        
2025-08-26T16:01:40.3688834Z remote: Counting objects:  56% (953/1701)        
2025-08-26T16:01:40.3689291Z remote: Counting objects:  57% (970/1701)        
2025-08-26T16:01:40.3689746Z remote: Counting objects:  58% (987/1701)        
2025-08-26T16:01:40.3690209Z remote: Counting objects:  59% (1004/1701)        
2025-08-26T16:01:40.3690682Z remote: Counting objects:  60% (1021/1701)        
2025-08-26T16:01:40.3691148Z remote: Counting objects:  61% (1038/1701)        
2025-08-26T16:01:40.3715446Z remote: Counting objects:  62% (1055/1701)        
2025-08-26T16:01:40.3716076Z remote: Counting objects:  63% (1072/1701)        
2025-08-26T16:01:40.3716795Z remote: Counting objects:  64% (1089/1701)        
2025-08-26T16:01:40.3717282Z remote: Counting objects:  65% (1106/1701)        
2025-08-26T16:01:40.3717776Z remote: Counting objects:  66% (1123/1701)        
2025-08-26T16:01:40.3718273Z remote: Counting objects:  67% (1140/1701)        
2025-08-26T16:01:40.3718765Z remote: Counting objects:  68% (1157/1701)        
2025-08-26T16:01:40.3719242Z remote: Counting objects:  69% (1174/1701)        
2025-08-26T16:01:40.3719712Z remote: Counting objects:  70% (1191/1701)        
2025-08-26T16:01:40.3720190Z remote: Counting objects:  71% (1208/1701)        
2025-08-26T16:01:40.3720732Z remote: Counting objects:  72% (1225/1701)        
2025-08-26T16:01:40.3721366Z remote: Counting objects:  73% (1242/1701)        
2025-08-26T16:01:40.3721829Z remote: Counting objects:  74% (1259/1701)        
2025-08-26T16:01:40.3722285Z remote: Counting objects:  75% (1276/1701)        
2025-08-26T16:01:40.3722743Z remote: Counting objects:  76% (1293/1701)        
2025-08-26T16:01:40.3723209Z remote: Counting objects:  77% (1310/1701)        
2025-08-26T16:01:40.3724189Z remote: Counting objects:  78% (1327/1701)        
2025-08-26T16:01:40.3725539Z remote: Counting objects:  79% (1344/1701)        
2025-08-26T16:01:40.3726509Z remote: Counting objects:  80% (1361/1701)        
2025-08-26T16:01:40.3727060Z remote: Counting objects:  81% (1378/1701)        
2025-08-26T16:01:40.3727530Z remote: Counting objects:  82% (1395/1701)        
2025-08-26T16:01:40.3727985Z remote: Counting objects:  83% (1412/1701)        
2025-08-26T16:01:40.3728453Z remote: Counting objects:  84% (1429/1701)        
2025-08-26T16:01:40.3728909Z remote: Counting objects:  85% (1446/1701)        
2025-08-26T16:01:40.3729355Z remote: Counting objects:  86% (1463/1701)        
2025-08-26T16:01:40.3729802Z remote: Counting objects:  87% (1480/1701)        
2025-08-26T16:01:40.3730252Z remote: Counting objects:  88% (1497/1701)        
2025-08-26T16:01:40.3730700Z remote: Counting objects:  89% (1514/1701)        
2025-08-26T16:01:40.3731166Z remote: Counting objects:  90% (1531/1701)        
2025-08-26T16:01:40.3731622Z remote: Counting objects:  91% (1548/1701)        
2025-08-26T16:01:40.3732068Z remote: Counting objects:  92% (1565/1701)        
2025-08-26T16:01:40.3732527Z remote: Counting objects:  93% (1582/1701)        
2025-08-26T16:01:40.3732984Z remote: Counting objects:  94% (1599/1701)        
2025-08-26T16:01:40.3733432Z remote: Counting objects:  95% (1616/1701)        
2025-08-26T16:01:40.3733882Z remote: Counting objects:  96% (1633/1701)        
2025-08-26T16:01:40.3734757Z remote: Counting objects:  97% (1650/1701)        
2025-08-26T16:01:40.3735284Z remote: Counting objects:  98% (1667/1701)        
2025-08-26T16:01:40.3735750Z remote: Counting objects:  99% (1684/1701)        
2025-08-26T16:01:40.3736208Z remote: Counting objects: 100% (1701/1701)        
2025-08-26T16:01:40.3736697Z remote: Counting objects: 100% (1701/1701), done.        
2025-08-26T16:01:40.3737187Z remote: Compressing objects:   0% (1/1290)        
2025-08-26T16:01:40.3737709Z remote: Compressing objects:   1% (13/1290)        
2025-08-26T16:01:40.3738189Z remote: Compressing objects:   2% (26/1290)        
2025-08-26T16:01:40.3738667Z remote: Compressing objects:   3% (39/1290)        
2025-08-26T16:01:40.3787985Z remote: Compressing objects:   4% (52/1290)        
2025-08-26T16:01:40.3835936Z remote: Compressing objects:   5% (65/1290)        
2025-08-26T16:01:40.3860288Z remote: Compressing objects:   6% (78/1290)        
2025-08-26T16:01:40.3892241Z remote: Compressing objects:   7% (91/1290)        
2025-08-26T16:01:40.3931124Z remote: Compressing objects:   8% (104/1290)        
2025-08-26T16:01:40.4048744Z remote: Compressing objects:   9% (117/1290)        
2025-08-26T16:01:40.4055086Z remote: Compressing objects:  10% (129/1290)        
2025-08-26T16:01:40.4056929Z remote: Compressing objects:  11% (142/1290)        
2025-08-26T16:01:40.4071180Z remote: Compressing objects:  12% (155/1290)        
2025-08-26T16:01:40.4104050Z remote: Compressing objects:  13% (168/1290)        
2025-08-26T16:01:40.4123859Z remote: Compressing objects:  14% (181/1290)        
2025-08-26T16:01:40.4137259Z remote: Compressing objects:  15% (194/1290)        
2025-08-26T16:01:40.4140618Z remote: Compressing objects:  16% (207/1290)        
2025-08-26T16:01:40.4141805Z remote: Compressing objects:  17% (220/1290)        
2025-08-26T16:01:40.4145998Z remote: Compressing objects:  18% (233/1290)        
2025-08-26T16:01:40.4159682Z remote: Compressing objects:  19% (246/1290)        
2025-08-26T16:01:40.4217135Z remote: Compressing objects:  20% (258/1290)        
2025-08-26T16:01:40.4256498Z remote: Compressing objects:  21% (271/1290)        
2025-08-26T16:01:40.4282319Z remote: Compressing objects:  22% (284/1290)        
2025-08-26T16:01:40.4302735Z remote: Compressing objects:  23% (297/1290)        
2025-08-26T16:01:40.4307027Z remote: Compressing objects:  24% (310/1290)        
2025-08-26T16:01:40.4314894Z remote: Compressing objects:  25% (323/1290)        
2025-08-26T16:01:40.4321613Z remote: Compressing objects:  26% (336/1290)        
2025-08-26T16:01:40.4327029Z remote: Compressing objects:  27% (349/1290)        
2025-08-26T16:01:40.4343160Z remote: Compressing objects:  28% (362/1290)        
2025-08-26T16:01:40.4346238Z remote: Compressing objects:  29% (375/1290)        
2025-08-26T16:01:40.4352926Z remote: Compressing objects:  30% (387/1290)        
2025-08-26T16:01:40.4354957Z remote: Compressing objects:  31% (400/1290)        
2025-08-26T16:01:40.4358343Z remote: Compressing objects:  32% (413/1290)        
2025-08-26T16:01:40.4362764Z remote: Compressing objects:  33% (426/1290)        
2025-08-26T16:01:40.4369349Z remote: Compressing objects:  34% (439/1290)        
2025-08-26T16:01:40.4374145Z remote: Compressing objects:  35% (452/1290)        
2025-08-26T16:01:40.4381633Z remote: Compressing objects:  36% (465/1290)        
2025-08-26T16:01:40.4383007Z remote: Compressing objects:  37% (478/1290)        
2025-08-26T16:01:40.4388418Z remote: Compressing objects:  38% (491/1290)        
2025-08-26T16:01:40.4389615Z remote: Compressing objects:  39% (504/1290)        
2025-08-26T16:01:40.4390215Z remote: Compressing objects:  40% (516/1290)        
2025-08-26T16:01:40.4390747Z remote: Compressing objects:  41% (529/1290)        
2025-08-26T16:01:40.4391275Z remote: Compressing objects:  42% (542/1290)        
2025-08-26T16:01:40.4391817Z remote: Compressing objects:  43% (555/1290)        
2025-08-26T16:01:40.4392344Z remote: Compressing objects:  44% (568/1290)        
2025-08-26T16:01:40.4416132Z remote: Compressing objects:  45% (581/1290)        
2025-08-26T16:01:40.4422589Z remote: Compressing objects:  46% (594/1290)        
2025-08-26T16:01:40.4429087Z remote: Compressing objects:  47% (607/1290)        
2025-08-26T16:01:40.4439154Z remote: Compressing objects:  48% (620/1290)        
2025-08-26T16:01:40.4446822Z remote: Compressing objects:  49% (633/1290)        
2025-08-26T16:01:40.4461260Z remote: Compressing objects:  50% (645/1290)        
2025-08-26T16:01:40.4475301Z remote: Compressing objects:  51% (658/1290)        
2025-08-26T16:01:40.4516273Z remote: Compressing objects:  52% (671/1290)        
2025-08-26T16:01:40.4536755Z remote: Compressing objects:  53% (684/1290)        
2025-08-26T16:01:40.4546847Z remote: Compressing objects:  54% (697/1290)        
2025-08-26T16:01:40.4559680Z remote: Compressing objects:  55% (710/1290)        
2025-08-26T16:01:40.4584966Z remote: Compressing objects:  56% (723/1290)        
2025-08-26T16:01:40.4615516Z remote: Compressing objects:  57% (736/1290)        
2025-08-26T16:01:40.4625749Z remote: Compressing objects:  58% (749/1290)        
2025-08-26T16:01:40.4634982Z remote: Compressing objects:  59% (762/1290)        
2025-08-26T16:01:40.4646478Z remote: Compressing objects:  60% (774/1290)        
2025-08-26T16:01:40.4665149Z remote: Compressing objects:  61% (787/1290)        
2025-08-26T16:01:40.4668448Z remote: Compressing objects:  62% (800/1290)        
2025-08-26T16:01:40.4674420Z remote: Compressing objects:  63% (813/1290)        
2025-08-26T16:01:40.4685388Z remote: Compressing objects:  64% (826/1290)        
2025-08-26T16:01:40.4688320Z remote: Compressing objects:  65% (839/1290)        
2025-08-26T16:01:40.4692345Z remote: Compressing objects:  66% (852/1290)        
2025-08-26T16:01:40.4695213Z remote: Compressing objects:  67% (865/1290)        
2025-08-26T16:01:40.4701304Z remote: Compressing objects:  68% (878/1290)        
2025-08-26T16:01:40.4703190Z remote: Compressing objects:  69% (891/1290)        
2025-08-26T16:01:40.4722190Z remote: Compressing objects:  70% (903/1290)        
2025-08-26T16:01:40.4730454Z remote: Compressing objects:  71% (916/1290)        
2025-08-26T16:01:40.4740292Z remote: Compressing objects:  72% (929/1290)        
2025-08-26T16:01:40.4746310Z remote: Compressing objects:  73% (942/1290)        
2025-08-26T16:01:40.4748471Z remote: Compressing objects:  74% (955/1290)        
2025-08-26T16:01:40.4769248Z remote: Compressing objects:  75% (968/1290)        
2025-08-26T16:01:40.4777355Z remote: Compressing objects:  76% (981/1290)        
2025-08-26T16:01:40.4812221Z remote: Compressing objects:  77% (994/1290)        
2025-08-26T16:01:40.4838406Z remote: Compressing objects:  78% (1007/1290)        
2025-08-26T16:01:40.4844062Z remote: Compressing objects:  79% (1020/1290)        
2025-08-26T16:01:40.4845144Z remote: Compressing objects:  80% (1032/1290)        
2025-08-26T16:01:40.4858859Z remote: Compressing objects:  81% (1045/1290)        
2025-08-26T16:01:40.4860114Z remote: Compressing objects:  82% (1058/1290)        
2025-08-26T16:01:40.4861027Z remote: Compressing objects:  83% (1071/1290)        
2025-08-26T16:01:40.4862069Z remote: Compressing objects:  84% (1084/1290)        
2025-08-26T16:01:40.4862981Z remote: Compressing objects:  85% (1097/1290)        
2025-08-26T16:01:40.4863944Z remote: Compressing objects:  86% (1110/1290)        
2025-08-26T16:01:40.4865036Z remote: Compressing objects:  87% (1123/1290)        
2025-08-26T16:01:40.4866098Z remote: Compressing objects:  88% (1136/1290)        
2025-08-26T16:01:40.4867144Z remote: Compressing objects:  89% (1149/1290)        
2025-08-26T16:01:40.4868146Z remote: Compressing objects:  90% (1161/1290)        
2025-08-26T16:01:40.4869223Z remote: Compressing objects:  91% (1174/1290)        
2025-08-26T16:01:40.4870217Z remote: Compressing objects:  92% (1187/1290)        
2025-08-26T16:01:40.4871222Z remote: Compressing objects:  93% (1200/1290)        
2025-08-26T16:01:40.4872406Z remote: Compressing objects:  94% (1213/1290)        
2025-08-26T16:01:40.4873353Z remote: Compressing objects:  95% (1226/1290)        
2025-08-26T16:01:40.4874231Z remote: Compressing objects:  96% (1239/1290)        
2025-08-26T16:01:40.4875225Z remote: Compressing objects:  97% (1252/1290)        
2025-08-26T16:01:40.4876056Z remote: Compressing objects:  98% (1265/1290)        
2025-08-26T16:01:40.4876650Z remote: Compressing objects:  99% (1278/1290)        
2025-08-26T16:01:40.4877158Z remote: Compressing objects: 100% (1290/1290)        
2025-08-26T16:01:40.4877672Z remote: Compressing objects: 100% (1290/1290), done.        
2025-08-26T16:01:40.4981796Z Receiving objects:   0% (1/1701)
2025-08-26T16:01:40.5127860Z Receiving objects:   1% (18/1701)
2025-08-26T16:01:40.5355741Z Receiving objects:   2% (35/1701)
2025-08-26T16:01:40.5365953Z Receiving objects:   3% (52/1701)
2025-08-26T16:01:40.5385941Z Receiving objects:   4% (69/1701)
2025-08-26T16:01:40.5428484Z Receiving objects:   5% (86/1701)
2025-08-26T16:01:40.5435754Z Receiving objects:   6% (103/1701)
2025-08-26T16:01:40.5463796Z Receiving objects:   7% (120/1701)
2025-08-26T16:01:40.5479606Z Receiving objects:   8% (137/1701)
2025-08-26T16:01:40.5487959Z Receiving objects:   9% (154/1701)
2025-08-26T16:01:40.5517152Z Receiving objects:  10% (171/1701)
2025-08-26T16:01:40.5576650Z Receiving objects:  11% (188/1701)
2025-08-26T16:01:40.5585940Z Receiving objects:  12% (205/1701)
2025-08-26T16:01:40.5596533Z Receiving objects:  13% (222/1701)
2025-08-26T16:01:40.5606740Z Receiving objects:  14% (239/1701)
2025-08-26T16:01:40.5618529Z Receiving objects:  15% (256/1701)
2025-08-26T16:01:40.5628807Z Receiving objects:  16% (273/1701)
2025-08-26T16:01:40.5635545Z Receiving objects:  17% (290/1701)
2025-08-26T16:01:40.5638482Z Receiving objects:  18% (307/1701)
2025-08-26T16:01:40.5640159Z Receiving objects:  19% (324/1701)
2025-08-26T16:01:40.5642177Z Receiving objects:  20% (341/1701)
2025-08-26T16:01:40.5644895Z Receiving objects:  21% (358/1701)
2025-08-26T16:01:40.5650839Z Receiving objects:  22% (375/1701)
2025-08-26T16:01:40.5655344Z Receiving objects:  23% (392/1701)
2025-08-26T16:01:40.5659068Z Receiving objects:  24% (409/1701)
2025-08-26T16:01:40.5674338Z Receiving objects:  25% (426/1701)
2025-08-26T16:01:40.5677443Z Receiving objects:  26% (443/1701)
2025-08-26T16:01:40.5685593Z Receiving objects:  27% (460/1701)
2025-08-26T16:01:40.5689483Z Receiving objects:  28% (477/1701)
2025-08-26T16:01:40.5694863Z Receiving objects:  29% (494/1701)
2025-08-26T16:01:40.5697262Z Receiving objects:  30% (511/1701)
2025-08-26T16:01:40.5699933Z Receiving objects:  31% (528/1701)
2025-08-26T16:01:40.5702800Z Receiving objects:  32% (545/1701)
2025-08-26T16:01:40.5704916Z Receiving objects:  33% (562/1701)
2025-08-26T16:01:40.5708718Z Receiving objects:  34% (579/1701)
2025-08-26T16:01:40.5712708Z Receiving objects:  35% (596/1701)
2025-08-26T16:01:40.5715129Z Receiving objects:  36% (613/1701)
2025-08-26T16:01:40.5719331Z Receiving objects:  37% (630/1701)
2025-08-26T16:01:40.5720533Z Receiving objects:  38% (647/1701)
2025-08-26T16:01:40.5721836Z Receiving objects:  39% (664/1701)
2025-08-26T16:01:40.5729020Z Receiving objects:  40% (681/1701)
2025-08-26T16:01:40.5735122Z Receiving objects:  41% (698/1701)
2025-08-26T16:01:40.5738402Z Receiving objects:  42% (715/1701)
2025-08-26T16:01:40.5739822Z Receiving objects:  43% (732/1701)
2025-08-26T16:01:40.5742069Z Receiving objects:  44% (749/1701)
2025-08-26T16:01:40.5744051Z Receiving objects:  45% (766/1701)
2025-08-26T16:01:40.5747639Z Receiving objects:  46% (783/1701)
2025-08-26T16:01:40.5750979Z Receiving objects:  47% (800/1701)
2025-08-26T16:01:40.5754364Z Receiving objects:  48% (817/1701)
2025-08-26T16:01:40.5757331Z Receiving objects:  49% (834/1701)
2025-08-26T16:01:40.5758886Z Receiving objects:  50% (851/1701)
2025-08-26T16:01:40.5761936Z Receiving objects:  51% (868/1701)
2025-08-26T16:01:40.5762653Z Receiving objects:  52% (885/1701)
2025-08-26T16:01:40.5764702Z Receiving objects:  53% (902/1701)
2025-08-26T16:01:40.5766452Z Receiving objects:  54% (919/1701)
2025-08-26T16:01:40.5769739Z Receiving objects:  55% (936/1701)
2025-08-26T16:01:40.5800970Z Receiving objects:  56% (953/1701)
2025-08-26T16:01:40.5803488Z Receiving objects:  57% (970/1701)
2025-08-26T16:01:40.5807160Z Receiving objects:  58% (987/1701)
2025-08-26T16:01:40.5818187Z Receiving objects:  59% (1004/1701)
2025-08-26T16:01:40.5819735Z Receiving objects:  60% (1021/1701)
2025-08-26T16:01:40.5830141Z Receiving objects:  61% (1038/1701)
2025-08-26T16:01:40.5831981Z Receiving objects:  62% (1055/1701)
2025-08-26T16:01:40.5835000Z Receiving objects:  63% (1072/1701)
2025-08-26T16:01:40.5836410Z Receiving objects:  64% (1089/1701)
2025-08-26T16:01:40.5838016Z Receiving objects:  65% (1106/1701)
2025-08-26T16:01:40.5840003Z Receiving objects:  66% (1123/1701)
2025-08-26T16:01:40.5842050Z Receiving objects:  67% (1140/1701)
2025-08-26T16:01:40.5844149Z Receiving objects:  68% (1157/1701)
2025-08-26T16:01:40.5846876Z Receiving objects:  69% (1174/1701)
2025-08-26T16:01:40.5851245Z Receiving objects:  70% (1191/1701)
2025-08-26T16:01:40.5853262Z Receiving objects:  71% (1208/1701)
2025-08-26T16:01:40.5853865Z Receiving objects:  72% (1225/1701)
2025-08-26T16:01:40.5855130Z Receiving objects:  73% (1242/1701)
2025-08-26T16:01:40.5855988Z Receiving objects:  74% (1259/1701)
2025-08-26T16:01:40.5857348Z Receiving objects:  75% (1276/1701)
2025-08-26T16:01:40.5858503Z Receiving objects:  76% (1293/1701)
2025-08-26T16:01:40.5860669Z Receiving objects:  77% (1310/1701)
2025-08-26T16:01:40.5862584Z Receiving objects:  78% (1327/1701)
2025-08-26T16:01:40.5863961Z Receiving objects:  79% (1344/1701)
2025-08-26T16:01:40.5865245Z Receiving objects:  80% (1361/1701)
2025-08-26T16:01:40.5866441Z Receiving objects:  81% (1378/1701)
2025-08-26T16:01:40.5867737Z Receiving objects:  82% (1395/1701)
2025-08-26T16:01:40.5868423Z Receiving objects:  83% (1412/1701)
2025-08-26T16:01:40.5869744Z Receiving objects:  84% (1429/1701)
2025-08-26T16:01:40.5871019Z Receiving objects:  85% (1446/1701)
2025-08-26T16:01:40.5874145Z Receiving objects:  86% (1463/1701)
2025-08-26T16:01:40.5875419Z Receiving objects:  87% (1480/1701)
2025-08-26T16:01:40.5876140Z Receiving objects:  88% (1497/1701)
2025-08-26T16:01:40.5877599Z Receiving objects:  89% (1514/1701)
2025-08-26T16:01:40.5878666Z Receiving objects:  90% (1531/1701)
2025-08-26T16:01:40.5884962Z Receiving objects:  91% (1548/1701)
2025-08-26T16:01:40.5892561Z Receiving objects:  92% (1565/1701)
2025-08-26T16:01:40.5899494Z Receiving objects:  93% (1582/1701)
2025-08-26T16:01:40.5906277Z Receiving objects:  94% (1599/1701)
2025-08-26T16:01:40.5918958Z Receiving objects:  95% (1616/1701)
2025-08-26T16:01:40.5936740Z Receiving objects:  96% (1633/1701)
2025-08-26T16:01:40.5942912Z Receiving objects:  97% (1650/1701)
2025-08-26T16:01:40.5943956Z remote: Total 1701 (delta 547), reused 1069 (delta 366), pack-reused 0 (from 0)        
2025-08-26T16:01:40.5960887Z Receiving objects:  98% (1667/1701)
2025-08-26T16:01:40.5965483Z Receiving objects:  99% (1684/1701)
2025-08-26T16:01:40.5966314Z Receiving objects: 100% (1701/1701)
2025-08-26T16:01:40.5967230Z Receiving objects: 100% (1701/1701), 1.27 MiB | 12.03 MiB/s, done.
2025-08-26T16:01:40.5973078Z Resolving deltas:   0% (0/547)
2025-08-26T16:01:40.5974895Z Resolving deltas:   1% (7/547)
2025-08-26T16:01:40.5978141Z Resolving deltas:   2% (11/547)
2025-08-26T16:01:40.5980459Z Resolving deltas:   3% (17/547)
2025-08-26T16:01:40.5982873Z Resolving deltas:   4% (22/547)
2025-08-26T16:01:40.5986851Z Resolving deltas:   5% (28/547)
2025-08-26T16:01:40.5988301Z Resolving deltas:   6% (34/547)
2025-08-26T16:01:40.5989629Z Resolving deltas:   7% (39/547)
2025-08-26T16:01:40.5991234Z Resolving deltas:   8% (44/547)
2025-08-26T16:01:40.5993033Z Resolving deltas:   9% (50/547)
2025-08-26T16:01:40.5994329Z Resolving deltas:  10% (55/547)
2025-08-26T16:01:40.5995952Z Resolving deltas:  11% (61/547)
2025-08-26T16:01:40.5998506Z Resolving deltas:  12% (66/547)
2025-08-26T16:01:40.5999235Z Resolving deltas:  13% (72/547)
2025-08-26T16:01:40.6000111Z Resolving deltas:  14% (77/547)
2025-08-26T16:01:40.6005944Z Resolving deltas:  15% (83/547)
2025-08-26T16:01:40.6007013Z Resolving deltas:  16% (88/547)
2025-08-26T16:01:40.6008973Z Resolving deltas:  17% (93/547)
2025-08-26T16:01:40.6009709Z Resolving deltas:  18% (99/547)
2025-08-26T16:01:40.6011120Z Resolving deltas:  19% (104/547)
2025-08-26T16:01:40.6013679Z Resolving deltas:  20% (110/547)
2025-08-26T16:01:40.6016051Z Resolving deltas:  21% (115/547)
2025-08-26T16:01:40.6016800Z Resolving deltas:  22% (122/547)
2025-08-26T16:01:40.6017521Z Resolving deltas:  23% (126/547)
2025-08-26T16:01:40.6018201Z Resolving deltas:  24% (132/547)
2025-08-26T16:01:40.6020944Z Resolving deltas:  25% (137/547)
2025-08-26T16:01:40.6023429Z Resolving deltas:  26% (143/547)
2025-08-26T16:01:40.6024214Z Resolving deltas:  27% (148/547)
2025-08-26T16:01:40.6025085Z Resolving deltas:  28% (155/547)
2025-08-26T16:01:40.6025769Z Resolving deltas:  29% (159/547)
2025-08-26T16:01:40.6026438Z Resolving deltas:  30% (165/547)
2025-08-26T16:01:40.6028779Z Resolving deltas:  31% (170/547)
2025-08-26T16:01:40.6030276Z Resolving deltas:  32% (176/547)
2025-08-26T16:01:40.6030997Z Resolving deltas:  33% (181/547)
2025-08-26T16:01:40.6031681Z Resolving deltas:  34% (186/547)
2025-08-26T16:01:40.6032352Z Resolving deltas:  35% (193/547)
2025-08-26T16:01:40.6033256Z Resolving deltas:  36% (197/547)
2025-08-26T16:01:40.6035836Z Resolving deltas:  37% (203/547)
2025-08-26T16:01:40.6039346Z Resolving deltas:  38% (208/547)
2025-08-26T16:01:40.6040621Z Resolving deltas:  39% (214/547)
2025-08-26T16:01:40.6042493Z Resolving deltas:  40% (221/547)
2025-08-26T16:01:40.6043450Z Resolving deltas:  41% (225/547)
2025-08-26T16:01:40.6044380Z Resolving deltas:  42% (230/547)
2025-08-26T16:01:40.6046148Z Resolving deltas:  43% (236/547)
2025-08-26T16:01:40.6047138Z Resolving deltas:  44% (241/547)
2025-08-26T16:01:40.6049758Z Resolving deltas:  45% (247/547)
2025-08-26T16:01:40.6050442Z Resolving deltas:  46% (252/547)
2025-08-26T16:01:40.6051177Z Resolving deltas:  47% (258/547)
2025-08-26T16:01:40.6052342Z Resolving deltas:  48% (263/547)
2025-08-26T16:01:40.6053084Z Resolving deltas:  49% (269/547)
2025-08-26T16:01:40.6053856Z Resolving deltas:  50% (274/547)
2025-08-26T16:01:40.6055180Z Resolving deltas:  51% (280/547)
2025-08-26T16:01:40.6056792Z Resolving deltas:  52% (285/547)
2025-08-26T16:01:40.6057594Z Resolving deltas:  53% (290/547)
2025-08-26T16:01:40.6058438Z Resolving deltas:  54% (296/547)
2025-08-26T16:01:40.6059235Z Resolving deltas:  55% (301/547)
2025-08-26T16:01:40.6061412Z Resolving deltas:  56% (307/547)
2025-08-26T16:01:40.6063348Z Resolving deltas:  57% (312/547)
2025-08-26T16:01:40.6065284Z Resolving deltas:  58% (318/547)
2025-08-26T16:01:40.6066433Z Resolving deltas:  59% (323/547)
2025-08-26T16:01:40.6067111Z Resolving deltas:  60% (329/547)
2025-08-26T16:01:40.6067987Z Resolving deltas:  61% (335/547)
2025-08-26T16:01:40.6068658Z Resolving deltas:  62% (340/547)
2025-08-26T16:01:40.6069294Z Resolving deltas:  63% (345/547)
2025-08-26T16:01:40.6071355Z Resolving deltas:  64% (351/547)
2025-08-26T16:01:40.6072292Z Resolving deltas:  65% (356/547)
2025-08-26T16:01:40.6073005Z Resolving deltas:  66% (362/547)
2025-08-26T16:01:40.6073658Z Resolving deltas:  67% (367/547)
2025-08-26T16:01:40.6074385Z Resolving deltas:  68% (372/547)
2025-08-26T16:01:40.6075335Z Resolving deltas:  69% (378/547)
2025-08-26T16:01:40.6075999Z Resolving deltas:  70% (383/547)
2025-08-26T16:01:40.6076674Z Resolving deltas:  71% (389/547)
2025-08-26T16:01:40.6077262Z Resolving deltas:  72% (394/547)
2025-08-26T16:01:40.6077663Z Resolving deltas:  73% (400/547)
2025-08-26T16:01:40.6078199Z Resolving deltas:  74% (405/547)
2025-08-26T16:01:40.6078951Z Resolving deltas:  75% (411/547)
2025-08-26T16:01:40.6079682Z Resolving deltas:  76% (416/547)
2025-08-26T16:01:40.6080341Z Resolving deltas:  77% (423/547)
2025-08-26T16:01:40.6080995Z Resolving deltas:  78% (427/547)
2025-08-26T16:01:40.6081615Z Resolving deltas:  79% (434/547)
2025-08-26T16:01:40.6082531Z Resolving deltas:  80% (438/547)
2025-08-26T16:01:40.6083216Z Resolving deltas:  81% (444/547)
2025-08-26T16:01:40.6083842Z Resolving deltas:  82% (449/547)
2025-08-26T16:01:40.6084965Z Resolving deltas:  83% (455/547)
2025-08-26T16:01:40.6086488Z Resolving deltas:  84% (461/547)
2025-08-26T16:01:40.6087174Z Resolving deltas:  85% (465/547)
2025-08-26T16:01:40.6087841Z Resolving deltas:  86% (471/547)
2025-08-26T16:01:40.6089683Z Resolving deltas:  87% (476/547)
2025-08-26T16:01:40.6090392Z Resolving deltas:  88% (482/547)
2025-08-26T16:01:40.6090995Z Resolving deltas:  89% (487/547)
2025-08-26T16:01:40.6091391Z Resolving deltas:  90% (493/547)
2025-08-26T16:01:40.6091789Z Resolving deltas:  91% (498/547)
2025-08-26T16:01:40.6092486Z Resolving deltas:  92% (504/547)
2025-08-26T16:01:40.6093162Z Resolving deltas:  93% (509/547)
2025-08-26T16:01:40.6093687Z Resolving deltas:  94% (515/547)
2025-08-26T16:01:40.6094103Z Resolving deltas:  95% (520/547)
2025-08-26T16:01:40.6095396Z Resolving deltas:  96% (526/547)
2025-08-26T16:01:40.6096105Z Resolving deltas:  97% (531/547)
2025-08-26T16:01:40.6103282Z Resolving deltas:  98% (537/547)
2025-08-26T16:01:40.6104017Z Resolving deltas:  99% (542/547)
2025-08-26T16:01:40.6104839Z Resolving deltas: 100% (547/547)
2025-08-26T16:01:40.6105552Z Resolving deltas: 100% (547/547), done.
2025-08-26T16:01:40.6196917Z From https://github.com/DavidOeztuerk/Skillswap
2025-08-26T16:01:40.6197812Z  * [new ref]         12933d1e27ae2e1dcfb910c6b92e06dcc69a04d9 -> origin/staging
2025-08-26T16:01:40.6229096Z ##[endgroup]
2025-08-26T16:01:40.6229748Z ##[group]Determining the checkout info
2025-08-26T16:01:40.6231145Z ##[endgroup]
2025-08-26T16:01:40.6231857Z ##[group]Checking out the ref
2025-08-26T16:01:40.6235447Z [command]/usr/bin/git checkout --progress --force -B staging refs/remotes/origin/staging
2025-08-26T16:01:40.6984204Z Switched to a new branch 'staging'
2025-08-26T16:01:40.6986840Z branch 'staging' set up to track 'origin/staging'.
2025-08-26T16:01:40.6995128Z ##[endgroup]
2025-08-26T16:01:40.7030128Z [command]/usr/bin/git log -1 --format='%H'
2025-08-26T16:01:40.7050636Z '12933d1e27ae2e1dcfb910c6b92e06dcc69a04d9'
2025-08-26T16:01:40.7202387Z ##[group]Run azure/login@v1
2025-08-26T16:01:40.7202790Z with:
2025-08-26T16:01:40.7205479Z   creds: ***
2025-08-26T16:01:40.7205849Z   enable-AzPSSession: false
2025-08-26T16:01:40.7206242Z   environment: azurecloud
2025-08-26T16:01:40.7206616Z   allow-no-subscriptions: false
2025-08-26T16:01:40.7207042Z   audience: api://AzureADTokenExchange
2025-08-26T16:01:40.7207461Z   auth-type: SERVICE_PRINCIPAL
2025-08-26T16:01:40.7207830Z env:
2025-08-26T16:01:40.7208151Z   ENVIRONMENT: staging
2025-08-26T16:01:40.7208514Z   RESOURCE_GROUP: skillswap-rg
2025-08-26T16:01:40.7208882Z   LOCATION: westeurope
2025-08-26T16:01:40.7209222Z ##[endgroup]
2025-08-26T16:01:40.7972900Z Running Azure CLI Login.
2025-08-26T16:01:41.2271292Z [command]/usr/bin/az cloud set -n azurecloud
2025-08-26T16:01:41.4508316Z Done setting cloud: "azurecloud"
2025-08-26T16:01:41.4511833Z Note: Azure/login action also supports OIDC login mechanism. Refer https://github.com/azure/login#configure-a-service-principal-with-a-federated-credential-to-use-oidc-based-authentication for more details.
2025-08-26T16:01:41.4514002Z Attempting Azure CLI login by using service principal with secret...
2025-08-26T16:01:42.8172576Z Subscription is set successfully.
2025-08-26T16:01:42.8173431Z Azure CLI login succeeds by using service principal with secret.
2025-08-26T16:01:42.8285751Z ##[group]Run echo "ðŸš€ Deploying Container Apps..."
2025-08-26T16:01:42.8286311Z [36;1mecho "ðŸš€ Deploying Container Apps..."[0m
2025-08-26T16:01:42.8286678Z [36;1m[0m
2025-08-26T16:01:42.8286966Z [36;1maz deployment group create \[0m
2025-08-26T16:01:42.8287351Z [36;1m  --resource-group skillswap-rg \[0m
2025-08-26T16:01:42.8287824Z [36;1m  --template-file azure-deploy/bicep/container-apps.bicep \[0m
2025-08-26T16:01:42.8288467Z [36;1m  --parameters containerRegistryLoginServer="skillswapstagingacr.azurecr.io" \[0m
2025-08-26T16:01:42.8289067Z [36;1m  --parameters containerRegistryName="skillswapstagingacr" \[0m
2025-08-26T16:01:42.8289603Z [36;1m  --parameters containerRegistryUsername="skillswapstagingacr" \[0m
2025-08-26T16:01:42.8290101Z [36;1m  --parameters containerRegistryPassword="" \[0m
2025-08-26T16:01:42.8291097Z [36;1m  --parameters containerAppEnvironmentId="/subscriptions/b3116698-7aef-4ec6-939b-84b3f6789bfa/resourceGroups/skillswap-rg/providers/Microsoft.App/managedEnvironments/skillswap-staging-env" \[0m
2025-08-26T16:01:42.8292085Z [36;1m  --parameters postgresConnectionString="" \[0m
2025-08-26T16:01:42.8292504Z [36;1m  --parameters redisConnectionString="" \[0m
2025-08-26T16:01:42.8292932Z [36;1m  --parameters serviceBusConnectionString="" \[0m
2025-08-26T16:01:42.8293448Z [36;1m  --parameters jwtSecret="8Z0VRxD0UGJV989NqzaR1sQrHIxn5h1MAxvRBLFc0Jk=" \[0m
2025-08-26T16:01:42.8294034Z [36;1m  --parameters imageTag="12933d1e27ae2e1dcfb910c6b92e06dcc69a04d9" \[0m
2025-08-26T16:01:42.8294662Z [36;1m  --output none[0m
2025-08-26T16:01:42.8295029Z [36;1m[0m
2025-08-26T16:01:42.8295318Z [36;1mecho "âœ… Container Apps deployed"[0m
2025-08-26T16:01:42.8422331Z shell: /usr/bin/bash -e ***0***
2025-08-26T16:01:42.8422699Z env:
2025-08-26T16:01:42.8422974Z   ENVIRONMENT: staging
2025-08-26T16:01:42.8423295Z   RESOURCE_GROUP: skillswap-rg
2025-08-26T16:01:42.8423645Z   LOCATION: westeurope
2025-08-26T16:01:42.8423956Z ##[endgroup]
2025-08-26T16:01:42.8504070Z ðŸš€ Deploying Container Apps...
2025-08-26T16:01:52.9133987Z WARNING: /home/runner/work/Skillswap/Skillswap/azure-deploy/bicep/container-apps.bicep(8,7) : Warning no-unused-params: Parameter "containerRegistryName" is declared but never used. [https://aka.ms/bicep/linter-diagnostics#no-unused-params]
2025-08-26T16:01:52.9136330Z /home/runner/work/Skillswap/Skillswap/azure-deploy/bicep/container-apps.bicep(253,18) : Warning use-secure-value-for-secure-inputs: Property 'value' expects a secure value, but the value provided may not be secure. [https://aka.ms/bicep/linter-diagnostics#use-secure-value-for-secure-inputs]
2025-08-26T16:01:52.9137397Z 
2025-08-26T16:01:56.1938047Z ERROR: The content for this response was already consumed
2025-08-26T16:01:56.2869390Z ##[error]Process completed with exit code 1.
2025-08-26T16:01:56.2962646Z Post job cleanup.
2025-08-26T16:01:56.3675054Z [command]/usr/bin/git version
2025-08-26T16:01:56.3709314Z git version 2.51.0
2025-08-26T16:01:56.3752777Z Temporarily overriding HOME='/home/runner/work/_temp/748f4c83-0724-44f4-b508-de8e54cbe613' before making global git config changes
2025-08-26T16:01:56.3754261Z Adding repository directory to the temporary git global config as a safe directory
2025-08-26T16:01:56.3757705Z [command]/usr/bin/git config --global --add safe.directory /home/runner/work/Skillswap/Skillswap
2025-08-26T16:01:56.3788161Z [command]/usr/bin/git config --local --name-only --get-regexp core\.sshCommand
2025-08-26T16:01:56.3817137Z [command]/usr/bin/git submodule foreach --recursive sh -c "git config --local --name-only --get-regexp 'core\.sshCommand' && git config --local --unset-all 'core.sshCommand' || :"
2025-08-26T16:01:56.4042094Z [command]/usr/bin/git config --local --name-only --get-regexp http\.https\:\/\/github\.com\/\.extraheader
2025-08-26T16:01:56.4061221Z http.https://github.com/.extraheader
2025-08-26T16:01:56.4072310Z [command]/usr/bin/git config --local --unset-all http.https://github.com/.extraheader
2025-08-26T16:01:56.4099003Z [command]/usr/bin/git submodule foreach --recursive sh -c "git config --local --name-only --get-regexp 'http\.https\:\/\/github\.com\/\.extraheader' && git config --local --unset-all 'http.https://github.com/.extraheader' || :"
2025-08-26T16:01:56.4437137Z Post job cleanup.
2025-08-26T16:01:56.5134683Z Clearing azure cli accounts from the local cache.
2025-08-26T16:01:56.5143418Z [command]/usr/bin/az account clear
2025-08-26T16:01:56.8634048Z Cleaning up orphan processes
2025-08-26T16:01:56.9034847Z Terminate orphan process: pid (2392) (python3)